libtool: compile:  gcc -I. -I/home/vbolshov/projects/zhandlersocket/ext -DPHP_ATOM_INC -I/home/vbolshov/projects/zhandlersocket/ext/include -I/home/vbolshov/projects/zhandlersocket/ext/main -I/home/vbolshov/projects/zhandlersocket/ext -I/usr/include/php5 -I/usr/include/php5/main -I/usr/include/php5/TSRM -I/usr/include/php5/Zend -I/usr/include/php5/ext -I/usr/include/php5/ext/date/lib -DHAVE_CONFIG_H -O2 -fvisibility=hidden -Wparentheses -flto -DZEPHIR_RELEASE=1 -c /home/vbolshov/projects/zhandlersocket/ext/zhandlersocket.c  -fPIC -DPIC -o .libs/zhandlersocket.o
libtool: compile:  gcc -I. -I/home/vbolshov/projects/zhandlersocket/ext -DPHP_ATOM_INC -I/home/vbolshov/projects/zhandlersocket/ext/include -I/home/vbolshov/projects/zhandlersocket/ext/main -I/home/vbolshov/projects/zhandlersocket/ext -I/usr/include/php5 -I/usr/include/php5/main -I/usr/include/php5/TSRM -I/usr/include/php5/Zend -I/usr/include/php5/ext -I/usr/include/php5/ext/date/lib -DHAVE_CONFIG_H -O2 -fvisibility=hidden -Wparentheses -flto -DZEPHIR_RELEASE=1 -c /home/vbolshov/projects/zhandlersocket/ext/kernel/main.c  -fPIC -DPIC -o kernel/.libs/main.o
libtool: compile:  gcc -I. -I/home/vbolshov/projects/zhandlersocket/ext -DPHP_ATOM_INC -I/home/vbolshov/projects/zhandlersocket/ext/include -I/home/vbolshov/projects/zhandlersocket/ext/main -I/home/vbolshov/projects/zhandlersocket/ext -I/usr/include/php5 -I/usr/include/php5/main -I/usr/include/php5/TSRM -I/usr/include/php5/Zend -I/usr/include/php5/ext -I/usr/include/php5/ext/date/lib -DHAVE_CONFIG_H -O2 -fvisibility=hidden -Wparentheses -flto -DZEPHIR_RELEASE=1 -c /home/vbolshov/projects/zhandlersocket/ext/kernel/memory.c  -fPIC -DPIC -o kernel/.libs/memory.o
libtool: compile:  gcc -I. -I/home/vbolshov/projects/zhandlersocket/ext -DPHP_ATOM_INC -I/home/vbolshov/projects/zhandlersocket/ext/include -I/home/vbolshov/projects/zhandlersocket/ext/main -I/home/vbolshov/projects/zhandlersocket/ext -I/usr/include/php5 -I/usr/include/php5/main -I/usr/include/php5/TSRM -I/usr/include/php5/Zend -I/usr/include/php5/ext -I/usr/include/php5/ext/date/lib -DHAVE_CONFIG_H -O2 -fvisibility=hidden -Wparentheses -flto -DZEPHIR_RELEASE=1 -c /home/vbolshov/projects/zhandlersocket/ext/kernel/exception.c  -fPIC -DPIC -o kernel/.libs/exception.o
libtool: compile:  gcc -I. -I/home/vbolshov/projects/zhandlersocket/ext -DPHP_ATOM_INC -I/home/vbolshov/projects/zhandlersocket/ext/include -I/home/vbolshov/projects/zhandlersocket/ext/main -I/home/vbolshov/projects/zhandlersocket/ext -I/usr/include/php5 -I/usr/include/php5/main -I/usr/include/php5/TSRM -I/usr/include/php5/Zend -I/usr/include/php5/ext -I/usr/include/php5/ext/date/lib -DHAVE_CONFIG_H -O2 -fvisibility=hidden -Wparentheses -flto -DZEPHIR_RELEASE=1 -c /home/vbolshov/projects/zhandlersocket/ext/kernel/hash.c  -fPIC -DPIC -o kernel/.libs/hash.o
libtool: compile:  gcc -I. -I/home/vbolshov/projects/zhandlersocket/ext -DPHP_ATOM_INC -I/home/vbolshov/projects/zhandlersocket/ext/include -I/home/vbolshov/projects/zhandlersocket/ext/main -I/home/vbolshov/projects/zhandlersocket/ext -I/usr/include/php5 -I/usr/include/php5/main -I/usr/include/php5/TSRM -I/usr/include/php5/Zend -I/usr/include/php5/ext -I/usr/include/php5/ext/date/lib -DHAVE_CONFIG_H -O2 -fvisibility=hidden -Wparentheses -flto -DZEPHIR_RELEASE=1 -c /home/vbolshov/projects/zhandlersocket/ext/kernel/debug.c  -fPIC -DPIC -o kernel/.libs/debug.o
libtool: compile:  gcc -I. -I/home/vbolshov/projects/zhandlersocket/ext -DPHP_ATOM_INC -I/home/vbolshov/projects/zhandlersocket/ext/include -I/home/vbolshov/projects/zhandlersocket/ext/main -I/home/vbolshov/projects/zhandlersocket/ext -I/usr/include/php5 -I/usr/include/php5/main -I/usr/include/php5/TSRM -I/usr/include/php5/Zend -I/usr/include/php5/ext -I/usr/include/php5/ext/date/lib -DHAVE_CONFIG_H -O2 -fvisibility=hidden -Wparentheses -flto -DZEPHIR_RELEASE=1 -c /home/vbolshov/projects/zhandlersocket/ext/kernel/backtrace.c  -fPIC -DPIC -o kernel/.libs/backtrace.o
libtool: compile:  gcc -I. -I/home/vbolshov/projects/zhandlersocket/ext -DPHP_ATOM_INC -I/home/vbolshov/projects/zhandlersocket/ext/include -I/home/vbolshov/projects/zhandlersocket/ext/main -I/home/vbolshov/projects/zhandlersocket/ext -I/usr/include/php5 -I/usr/include/php5/main -I/usr/include/php5/TSRM -I/usr/include/php5/Zend -I/usr/include/php5/ext -I/usr/include/php5/ext/date/lib -DHAVE_CONFIG_H -O2 -fvisibility=hidden -Wparentheses -flto -DZEPHIR_RELEASE=1 -c /home/vbolshov/projects/zhandlersocket/ext/kernel/object.c  -fPIC -DPIC -o kernel/.libs/object.o
libtool: compile:  gcc -I. -I/home/vbolshov/projects/zhandlersocket/ext -DPHP_ATOM_INC -I/home/vbolshov/projects/zhandlersocket/ext/include -I/home/vbolshov/projects/zhandlersocket/ext/main -I/home/vbolshov/projects/zhandlersocket/ext -I/usr/include/php5 -I/usr/include/php5/main -I/usr/include/php5/TSRM -I/usr/include/php5/Zend -I/usr/include/php5/ext -I/usr/include/php5/ext/date/lib -DHAVE_CONFIG_H -O2 -fvisibility=hidden -Wparentheses -flto -DZEPHIR_RELEASE=1 -c /home/vbolshov/projects/zhandlersocket/ext/kernel/array.c  -fPIC -DPIC -o kernel/.libs/array.o
libtool: compile:  gcc -I. -I/home/vbolshov/projects/zhandlersocket/ext -DPHP_ATOM_INC -I/home/vbolshov/projects/zhandlersocket/ext/include -I/home/vbolshov/projects/zhandlersocket/ext/main -I/home/vbolshov/projects/zhandlersocket/ext -I/usr/include/php5 -I/usr/include/php5/main -I/usr/include/php5/TSRM -I/usr/include/php5/Zend -I/usr/include/php5/ext -I/usr/include/php5/ext/date/lib -DHAVE_CONFIG_H -O2 -fvisibility=hidden -Wparentheses -flto -DZEPHIR_RELEASE=1 -c /home/vbolshov/projects/zhandlersocket/ext/kernel/extended/array.c  -fPIC -DPIC -o kernel/extended/.libs/array.o
libtool: compile:  gcc -I. -I/home/vbolshov/projects/zhandlersocket/ext -DPHP_ATOM_INC -I/home/vbolshov/projects/zhandlersocket/ext/include -I/home/vbolshov/projects/zhandlersocket/ext/main -I/home/vbolshov/projects/zhandlersocket/ext -I/usr/include/php5 -I/usr/include/php5/main -I/usr/include/php5/TSRM -I/usr/include/php5/Zend -I/usr/include/php5/ext -I/usr/include/php5/ext/date/lib -DHAVE_CONFIG_H -O2 -fvisibility=hidden -Wparentheses -flto -DZEPHIR_RELEASE=1 -c /home/vbolshov/projects/zhandlersocket/ext/kernel/string.c  -fPIC -DPIC -o kernel/.libs/string.o
libtool: compile:  gcc -I. -I/home/vbolshov/projects/zhandlersocket/ext -DPHP_ATOM_INC -I/home/vbolshov/projects/zhandlersocket/ext/include -I/home/vbolshov/projects/zhandlersocket/ext/main -I/home/vbolshov/projects/zhandlersocket/ext -I/usr/include/php5 -I/usr/include/php5/main -I/usr/include/php5/TSRM -I/usr/include/php5/Zend -I/usr/include/php5/ext -I/usr/include/php5/ext/date/lib -DHAVE_CONFIG_H -O2 -fvisibility=hidden -Wparentheses -flto -DZEPHIR_RELEASE=1 -c /home/vbolshov/projects/zhandlersocket/ext/kernel/fcall.c  -fPIC -DPIC -o kernel/.libs/fcall.o
libtool: compile:  gcc -I. -I/home/vbolshov/projects/zhandlersocket/ext -DPHP_ATOM_INC -I/home/vbolshov/projects/zhandlersocket/ext/include -I/home/vbolshov/projects/zhandlersocket/ext/main -I/home/vbolshov/projects/zhandlersocket/ext -I/usr/include/php5 -I/usr/include/php5/main -I/usr/include/php5/TSRM -I/usr/include/php5/Zend -I/usr/include/php5/ext -I/usr/include/php5/ext/date/lib -DHAVE_CONFIG_H -O2 -fvisibility=hidden -Wparentheses -flto -DZEPHIR_RELEASE=1 -c /home/vbolshov/projects/zhandlersocket/ext/kernel/extended/fcall.c  -fPIC -DPIC -o kernel/extended/.libs/fcall.o
libtool: compile:  gcc -I. -I/home/vbolshov/projects/zhandlersocket/ext -DPHP_ATOM_INC -I/home/vbolshov/projects/zhandlersocket/ext/include -I/home/vbolshov/projects/zhandlersocket/ext/main -I/home/vbolshov/projects/zhandlersocket/ext -I/usr/include/php5 -I/usr/include/php5/main -I/usr/include/php5/TSRM -I/usr/include/php5/Zend -I/usr/include/php5/ext -I/usr/include/php5/ext/date/lib -DHAVE_CONFIG_H -O2 -fvisibility=hidden -Wparentheses -flto -DZEPHIR_RELEASE=1 -c /home/vbolshov/projects/zhandlersocket/ext/kernel/require.c  -fPIC -DPIC -o kernel/.libs/require.o
libtool: compile:  gcc -I. -I/home/vbolshov/projects/zhandlersocket/ext -DPHP_ATOM_INC -I/home/vbolshov/projects/zhandlersocket/ext/include -I/home/vbolshov/projects/zhandlersocket/ext/main -I/home/vbolshov/projects/zhandlersocket/ext -I/usr/include/php5 -I/usr/include/php5/main -I/usr/include/php5/TSRM -I/usr/include/php5/Zend -I/usr/include/php5/ext -I/usr/include/php5/ext/date/lib -DHAVE_CONFIG_H -O2 -fvisibility=hidden -Wparentheses -flto -DZEPHIR_RELEASE=1 -c /home/vbolshov/projects/zhandlersocket/ext/kernel/file.c  -fPIC -DPIC -o kernel/.libs/file.o
libtool: compile:  gcc -I. -I/home/vbolshov/projects/zhandlersocket/ext -DPHP_ATOM_INC -I/home/vbolshov/projects/zhandlersocket/ext/include -I/home/vbolshov/projects/zhandlersocket/ext/main -I/home/vbolshov/projects/zhandlersocket/ext -I/usr/include/php5 -I/usr/include/php5/main -I/usr/include/php5/TSRM -I/usr/include/php5/Zend -I/usr/include/php5/ext -I/usr/include/php5/ext/date/lib -DHAVE_CONFIG_H -O2 -fvisibility=hidden -Wparentheses -flto -DZEPHIR_RELEASE=1 -c /home/vbolshov/projects/zhandlersocket/ext/kernel/operators.c  -fPIC -DPIC -o kernel/.libs/operators.o
libtool: compile:  gcc -I. -I/home/vbolshov/projects/zhandlersocket/ext -DPHP_ATOM_INC -I/home/vbolshov/projects/zhandlersocket/ext/include -I/home/vbolshov/projects/zhandlersocket/ext/main -I/home/vbolshov/projects/zhandlersocket/ext -I/usr/include/php5 -I/usr/include/php5/main -I/usr/include/php5/TSRM -I/usr/include/php5/Zend -I/usr/include/php5/ext -I/usr/include/php5/ext/date/lib -DHAVE_CONFIG_H -O2 -fvisibility=hidden -Wparentheses -flto -DZEPHIR_RELEASE=1 -c /home/vbolshov/projects/zhandlersocket/ext/kernel/math.c  -fPIC -DPIC -o kernel/.libs/math.o
libtool: compile:  gcc -I. -I/home/vbolshov/projects/zhandlersocket/ext -DPHP_ATOM_INC -I/home/vbolshov/projects/zhandlersocket/ext/include -I/home/vbolshov/projects/zhandlersocket/ext/main -I/home/vbolshov/projects/zhandlersocket/ext -I/usr/include/php5 -I/usr/include/php5/main -I/usr/include/php5/TSRM -I/usr/include/php5/Zend -I/usr/include/php5/ext -I/usr/include/php5/ext/date/lib -DHAVE_CONFIG_H -O2 -fvisibility=hidden -Wparentheses -flto -DZEPHIR_RELEASE=1 -c /home/vbolshov/projects/zhandlersocket/ext/kernel/concat.c  -fPIC -DPIC -o kernel/.libs/concat.o
libtool: compile:  gcc -I. -I/home/vbolshov/projects/zhandlersocket/ext -DPHP_ATOM_INC -I/home/vbolshov/projects/zhandlersocket/ext/include -I/home/vbolshov/projects/zhandlersocket/ext/main -I/home/vbolshov/projects/zhandlersocket/ext -I/usr/include/php5 -I/usr/include/php5/main -I/usr/include/php5/TSRM -I/usr/include/php5/Zend -I/usr/include/php5/ext -I/usr/include/php5/ext/date/lib -DHAVE_CONFIG_H -O2 -fvisibility=hidden -Wparentheses -flto -DZEPHIR_RELEASE=1 -c /home/vbolshov/projects/zhandlersocket/ext/kernel/variables.c  -fPIC -DPIC -o kernel/.libs/variables.o
libtool: compile:  gcc -I. -I/home/vbolshov/projects/zhandlersocket/ext -DPHP_ATOM_INC -I/home/vbolshov/projects/zhandlersocket/ext/include -I/home/vbolshov/projects/zhandlersocket/ext/main -I/home/vbolshov/projects/zhandlersocket/ext -I/usr/include/php5 -I/usr/include/php5/main -I/usr/include/php5/TSRM -I/usr/include/php5/Zend -I/usr/include/php5/ext -I/usr/include/php5/ext/date/lib -DHAVE_CONFIG_H -O2 -fvisibility=hidden -Wparentheses -flto -DZEPHIR_RELEASE=1 -c /home/vbolshov/projects/zhandlersocket/ext/kernel/filter.c  -fPIC -DPIC -o kernel/.libs/filter.o
libtool: compile:  gcc -I. -I/home/vbolshov/projects/zhandlersocket/ext -DPHP_ATOM_INC -I/home/vbolshov/projects/zhandlersocket/ext/include -I/home/vbolshov/projects/zhandlersocket/ext/main -I/home/vbolshov/projects/zhandlersocket/ext -I/usr/include/php5 -I/usr/include/php5/main -I/usr/include/php5/TSRM -I/usr/include/php5/Zend -I/usr/include/php5/ext -I/usr/include/php5/ext/date/lib -DHAVE_CONFIG_H -O2 -fvisibility=hidden -Wparentheses -flto -DZEPHIR_RELEASE=1 -c /home/vbolshov/projects/zhandlersocket/ext/kernel/iterator.c  -fPIC -DPIC -o kernel/.libs/iterator.o
libtool: compile:  gcc -I. -I/home/vbolshov/projects/zhandlersocket/ext -DPHP_ATOM_INC -I/home/vbolshov/projects/zhandlersocket/ext/include -I/home/vbolshov/projects/zhandlersocket/ext/main -I/home/vbolshov/projects/zhandlersocket/ext -I/usr/include/php5 -I/usr/include/php5/main -I/usr/include/php5/TSRM -I/usr/include/php5/Zend -I/usr/include/php5/ext -I/usr/include/php5/ext/date/lib -DHAVE_CONFIG_H -O2 -fvisibility=hidden -Wparentheses -flto -DZEPHIR_RELEASE=1 -c /home/vbolshov/projects/zhandlersocket/ext/kernel/time.c  -fPIC -DPIC -o kernel/.libs/time.o
libtool: compile:  gcc -I. -I/home/vbolshov/projects/zhandlersocket/ext -DPHP_ATOM_INC -I/home/vbolshov/projects/zhandlersocket/ext/include -I/home/vbolshov/projects/zhandlersocket/ext/main -I/home/vbolshov/projects/zhandlersocket/ext -I/usr/include/php5 -I/usr/include/php5/main -I/usr/include/php5/TSRM -I/usr/include/php5/Zend -I/usr/include/php5/ext -I/usr/include/php5/ext/date/lib -DHAVE_CONFIG_H -O2 -fvisibility=hidden -Wparentheses -flto -DZEPHIR_RELEASE=1 -c /home/vbolshov/projects/zhandlersocket/ext/kernel/exit.c  -fPIC -DPIC -o kernel/.libs/exit.o
libtool: compile:  gcc -I. -I/home/vbolshov/projects/zhandlersocket/ext -DPHP_ATOM_INC -I/home/vbolshov/projects/zhandlersocket/ext/include -I/home/vbolshov/projects/zhandlersocket/ext/main -I/home/vbolshov/projects/zhandlersocket/ext -I/usr/include/php5 -I/usr/include/php5/main -I/usr/include/php5/TSRM -I/usr/include/php5/Zend -I/usr/include/php5/ext -I/usr/include/php5/ext/date/lib -DHAVE_CONFIG_H -O2 -fvisibility=hidden -Wparentheses -flto -DZEPHIR_RELEASE=1 -c /home/vbolshov/projects/zhandlersocket/ext/zhandlersocket/zexception.zep.c  -fPIC -DPIC -o zhandlersocket/.libs/zexception.o
libtool: compile:  gcc -I. -I/home/vbolshov/projects/zhandlersocket/ext -DPHP_ATOM_INC -I/home/vbolshov/projects/zhandlersocket/ext/include -I/home/vbolshov/projects/zhandlersocket/ext/main -I/home/vbolshov/projects/zhandlersocket/ext -I/usr/include/php5 -I/usr/include/php5/main -I/usr/include/php5/TSRM -I/usr/include/php5/Zend -I/usr/include/php5/ext -I/usr/include/php5/ext/date/lib -DHAVE_CONFIG_H -O2 -fvisibility=hidden -Wparentheses -flto -DZEPHIR_RELEASE=1 -c /home/vbolshov/projects/zhandlersocket/ext/zhandlersocket/logger.zep.c  -fPIC -DPIC -o zhandlersocket/.libs/logger.o
libtool: compile:  gcc -I. -I/home/vbolshov/projects/zhandlersocket/ext -DPHP_ATOM_INC -I/home/vbolshov/projects/zhandlersocket/ext/include -I/home/vbolshov/projects/zhandlersocket/ext/main -I/home/vbolshov/projects/zhandlersocket/ext -I/usr/include/php5 -I/usr/include/php5/main -I/usr/include/php5/TSRM -I/usr/include/php5/Zend -I/usr/include/php5/ext -I/usr/include/php5/ext/date/lib -DHAVE_CONFIG_H -O2 -fvisibility=hidden -Wparentheses -flto -DZEPHIR_RELEASE=1 -c /home/vbolshov/projects/zhandlersocket/ext/zhandlersocket/client.zep.c  -fPIC -DPIC -o zhandlersocket/.libs/client.o
libtool: compile:  gcc -I. -I/home/vbolshov/projects/zhandlersocket/ext -DPHP_ATOM_INC -I/home/vbolshov/projects/zhandlersocket/ext/include -I/home/vbolshov/projects/zhandlersocket/ext/main -I/home/vbolshov/projects/zhandlersocket/ext -I/usr/include/php5 -I/usr/include/php5/main -I/usr/include/php5/TSRM -I/usr/include/php5/Zend -I/usr/include/php5/ext -I/usr/include/php5/ext/date/lib -DHAVE_CONFIG_H -O2 -fvisibility=hidden -Wparentheses -flto -DZEPHIR_RELEASE=1 -c /home/vbolshov/projects/zhandlersocket/ext/zhandlersocket/command.zep.c  -fPIC -DPIC -o zhandlersocket/.libs/command.o
libtool: compile:  gcc -I. -I/home/vbolshov/projects/zhandlersocket/ext -DPHP_ATOM_INC -I/home/vbolshov/projects/zhandlersocket/ext/include -I/home/vbolshov/projects/zhandlersocket/ext/main -I/home/vbolshov/projects/zhandlersocket/ext -I/usr/include/php5 -I/usr/include/php5/main -I/usr/include/php5/TSRM -I/usr/include/php5/Zend -I/usr/include/php5/ext -I/usr/include/php5/ext/date/lib -DHAVE_CONFIG_H -O2 -fvisibility=hidden -Wparentheses -flto -DZEPHIR_RELEASE=1 -c /home/vbolshov/projects/zhandlersocket/ext/zhandlersocket/communicationexception.zep.c  -fPIC -DPIC -o zhandlersocket/.libs/communicationexception.o
libtool: compile:  gcc -I. -I/home/vbolshov/projects/zhandlersocket/ext -DPHP_ATOM_INC -I/home/vbolshov/projects/zhandlersocket/ext/include -I/home/vbolshov/projects/zhandlersocket/ext/main -I/home/vbolshov/projects/zhandlersocket/ext -I/usr/include/php5 -I/usr/include/php5/main -I/usr/include/php5/TSRM -I/usr/include/php5/Zend -I/usr/include/php5/ext -I/usr/include/php5/ext/date/lib -DHAVE_CONFIG_H -O2 -fvisibility=hidden -Wparentheses -flto -DZEPHIR_RELEASE=1 -c /home/vbolshov/projects/zhandlersocket/ext/zhandlersocket/connection.zep.c  -fPIC -DPIC -o zhandlersocket/.libs/connection.o
libtool: compile:  gcc -I. -I/home/vbolshov/projects/zhandlersocket/ext -DPHP_ATOM_INC -I/home/vbolshov/projects/zhandlersocket/ext/include -I/home/vbolshov/projects/zhandlersocket/ext/main -I/home/vbolshov/projects/zhandlersocket/ext -I/usr/include/php5 -I/usr/include/php5/main -I/usr/include/php5/TSRM -I/usr/include/php5/Zend -I/usr/include/php5/ext -I/usr/include/php5/ext/date/lib -DHAVE_CONFIG_H -O2 -fvisibility=hidden -Wparentheses -flto -DZEPHIR_RELEASE=1 -c /home/vbolshov/projects/zhandlersocket/ext/zhandlersocket/connectionexception.zep.c  -fPIC -DPIC -o zhandlersocket/.libs/connectionexception.o
libtool: compile:  gcc -I. -I/home/vbolshov/projects/zhandlersocket/ext -DPHP_ATOM_INC -I/home/vbolshov/projects/zhandlersocket/ext/include -I/home/vbolshov/projects/zhandlersocket/ext/main -I/home/vbolshov/projects/zhandlersocket/ext -I/usr/include/php5 -I/usr/include/php5/main -I/usr/include/php5/TSRM -I/usr/include/php5/Zend -I/usr/include/php5/ext -I/usr/include/php5/ext/date/lib -DHAVE_CONFIG_H -O2 -fvisibility=hidden -Wparentheses -flto -DZEPHIR_RELEASE=1 -c /home/vbolshov/projects/zhandlersocket/ext/zhandlersocket/debuglogger.zep.c  -fPIC -DPIC -o zhandlersocket/.libs/debuglogger.o
libtool: compile:  gcc -I. -I/home/vbolshov/projects/zhandlersocket/ext -DPHP_ATOM_INC -I/home/vbolshov/projects/zhandlersocket/ext/include -I/home/vbolshov/projects/zhandlersocket/ext/main -I/home/vbolshov/projects/zhandlersocket/ext -I/usr/include/php5 -I/usr/include/php5/main -I/usr/include/php5/TSRM -I/usr/include/php5/Zend -I/usr/include/php5/ext -I/usr/include/php5/ext/date/lib -DHAVE_CONFIG_H -O2 -fvisibility=hidden -Wparentheses -flto -DZEPHIR_RELEASE=1 -c /home/vbolshov/projects/zhandlersocket/ext/zhandlersocket/duplicateentryexception.zep.c  -fPIC -DPIC -o zhandlersocket/.libs/duplicateentryexception.o
libtool: compile:  gcc -I. -I/home/vbolshov/projects/zhandlersocket/ext -DPHP_ATOM_INC -I/home/vbolshov/projects/zhandlersocket/ext/include -I/home/vbolshov/projects/zhandlersocket/ext/main -I/home/vbolshov/projects/zhandlersocket/ext -I/usr/include/php5 -I/usr/include/php5/main -I/usr/include/php5/TSRM -I/usr/include/php5/Zend -I/usr/include/php5/ext -I/usr/include/php5/ext/date/lib -DHAVE_CONFIG_H -O2 -fvisibility=hidden -Wparentheses -flto -DZEPHIR_RELEASE=1 -c /home/vbolshov/projects/zhandlersocket/ext/zhandlersocket/encoder.zep.c  -fPIC -DPIC -o zhandlersocket/.libs/encoder.o
libtool: compile:  gcc -I. -I/home/vbolshov/projects/zhandlersocket/ext -DPHP_ATOM_INC -I/home/vbolshov/projects/zhandlersocket/ext/include -I/home/vbolshov/projects/zhandlersocket/ext/main -I/home/vbolshov/projects/zhandlersocket/ext -I/usr/include/php5 -I/usr/include/php5/main -I/usr/include/php5/TSRM -I/usr/include/php5/Zend -I/usr/include/php5/ext -I/usr/include/php5/ext/date/lib -DHAVE_CONFIG_H -O2 -fvisibility=hidden -Wparentheses -flto -DZEPHIR_RELEASE=1 -c /home/vbolshov/projects/zhandlersocket/ext/zhandlersocket/index.zep.c  -fPIC -DPIC -o zhandlersocket/.libs/index.o
libtool: compile:  gcc -I. -I/home/vbolshov/projects/zhandlersocket/ext -DPHP_ATOM_INC -I/home/vbolshov/projects/zhandlersocket/ext/include -I/home/vbolshov/projects/zhandlersocket/ext/main -I/home/vbolshov/projects/zhandlersocket/ext -I/usr/include/php5 -I/usr/include/php5/main -I/usr/include/php5/TSRM -I/usr/include/php5/Zend -I/usr/include/php5/ext -I/usr/include/php5/ext/date/lib -DHAVE_CONFIG_H -O2 -fvisibility=hidden -Wparentheses -flto -DZEPHIR_RELEASE=1 -c /home/vbolshov/projects/zhandlersocket/ext/zhandlersocket/nulllogger.zep.c  -fPIC -DPIC -o zhandlersocket/.libs/nulllogger.o
libtool: compile:  gcc -I. -I/home/vbolshov/projects/zhandlersocket/ext -DPHP_ATOM_INC -I/home/vbolshov/projects/zhandlersocket/ext/include -I/home/vbolshov/projects/zhandlersocket/ext/main -I/home/vbolshov/projects/zhandlersocket/ext -I/usr/include/php5 -I/usr/include/php5/main -I/usr/include/php5/TSRM -I/usr/include/php5/Zend -I/usr/include/php5/ext -I/usr/include/php5/ext/date/lib -DHAVE_CONFIG_H -O2 -fvisibility=hidden -Wparentheses -flto -DZEPHIR_RELEASE=1 -c /home/vbolshov/projects/zhandlersocket/ext/zhandlersocket/whereclause.zep.c  -fPIC -DPIC -o zhandlersocket/.libs/whereclause.o
libtool: compile:  gcc -I. -I/home/vbolshov/projects/zhandlersocket/ext -DPHP_ATOM_INC -I/home/vbolshov/projects/zhandlersocket/ext/include -I/home/vbolshov/projects/zhandlersocket/ext/main -I/home/vbolshov/projects/zhandlersocket/ext -I/usr/include/php5 -I/usr/include/php5/main -I/usr/include/php5/TSRM -I/usr/include/php5/Zend -I/usr/include/php5/ext -I/usr/include/php5/ext/date/lib -DHAVE_CONFIG_H -O2 -fvisibility=hidden -Wparentheses -flto -DZEPHIR_RELEASE=1 -c /home/vbolshov/projects/zhandlersocket/ext/zhandlersocket/whereclausefilter.zep.c  -fPIC -DPIC -o zhandlersocket/.libs/whereclausefilter.o
libtool: link: gcc -shared  -fPIC -DPIC  .libs/zhandlersocket.o kernel/.libs/main.o kernel/.libs/memory.o kernel/.libs/exception.o kernel/.libs/hash.o kernel/.libs/debug.o kernel/.libs/backtrace.o kernel/.libs/object.o kernel/.libs/array.o kernel/extended/.libs/array.o kernel/.libs/string.o kernel/.libs/fcall.o kernel/extended/.libs/fcall.o kernel/.libs/require.o kernel/.libs/file.o kernel/.libs/operators.o kernel/.libs/math.o kernel/.libs/concat.o kernel/.libs/variables.o kernel/.libs/filter.o kernel/.libs/iterator.o kernel/.libs/time.o kernel/.libs/exit.o zhandlersocket/.libs/zexception.o zhandlersocket/.libs/logger.o zhandlersocket/.libs/client.o zhandlersocket/.libs/command.o zhandlersocket/.libs/communicationexception.o zhandlersocket/.libs/connection.o zhandlersocket/.libs/connectionexception.o zhandlersocket/.libs/debuglogger.o zhandlersocket/.libs/duplicateentryexception.o zhandlersocket/.libs/encoder.o zhandlersocket/.libs/index.o zhandlersocket/.libs/nulllogger.o zhandlersocket/.libs/whereclause.o zhandlersocket/.libs/whereclausefilter.o    -O2 -flto   -Wl,-soname -Wl,zhandlersocket.so -o .libs/zhandlersocket.so
libtool: link: ( cd ".libs" && rm -f "zhandlersocket.la" && ln -s "../zhandlersocket.la" "zhandlersocket.la" )
libtool: install: cp ./.libs/zhandlersocket.so /home/vbolshov/projects/zhandlersocket/ext/modules/zhandlersocket.so
libtool: install: cp ./.libs/zhandlersocket.lai /home/vbolshov/projects/zhandlersocket/ext/modules/zhandlersocket.la
libtool: finish: PATH="/home/vbolshov/bin:/usr/local/sbin:/usr/local/bin:/usr/sbin:/usr/bin:/sbin:/bin:/usr/games:/usr/local/games:/home/vbolshov/src/phalcon-devtools:/home/vbolshov/src/phalcon-devtools:/usr/local/bin:/home/vbolshov/src/phalcon-devtools:/home/vbolshov/bin:/sbin" ldconfig -n /home/vbolshov/projects/zhandlersocket/ext/modules
----------------------------------------------------------------------
Libraries have been installed in:
   /home/vbolshov/projects/zhandlersocket/ext/modules

If you ever happen to want to link against installed libraries
in a given directory, LIBDIR, you must either use libtool, and
specify the full pathname of the library, or use the `-LLIBDIR'
flag during linking and do at least one of the following:
   - add LIBDIR to the `LD_LIBRARY_PATH' environment variable
     during execution
   - add LIBDIR to the `LD_RUN_PATH' environment variable
     during linking
   - use the `-Wl,-rpath -Wl,LIBDIR' linker flag
   - have your system administrator add LIBDIR to `/etc/ld.so.conf'

See any operating system documentation about shared libraries for
more information, such as the ld(1) and ld.so(8) manual pages.
----------------------------------------------------------------------

Build complete.
Don't forget to run 'make test'.

Installing shared extensions:     /usr/lib/php5/20121212/
Installing header files:          /usr/include/php5/
